Component: ARM Compiler 5.06 update 5 (build 528) Tool: armlink [4d35e2]

==============================================================================

Small function inlining results

Inlined total of 0 calls.

==============================================================================

Image Symbol Table

    Local Symbols

    Symbol Name                              Value     Ov Type        Size  Object(Section)

    RESET                                    0x00000000   Section      192  startup_nuc100series.o(RESET)
    ../clib/microlib/division.c              0x00000000   Number         0  uldiv.o ABSOLUTE
    ../clib/microlib/division.c              0x00000000   Number         0  uidiv.o ABSOLUTE
    ../clib/microlib/init/entry.s            0x00000000   Number         0  entry5.o ABSOLUTE
    ../clib/microlib/init/entry.s            0x00000000   Number         0  entry2.o ABSOLUTE
    ../clib/microlib/init/entry.s            0x00000000   Number         0  entry8b.o ABSOLUTE
    ../clib/microlib/init/entry.s            0x00000000   Number         0  entry7a.o ABSOLUTE
    ../clib/microlib/init/entry.s            0x00000000   Number         0  entry7b.o ABSOLUTE
    ../clib/microlib/init/entry.s            0x00000000   Number         0  entry8a.o ABSOLUTE
    ../clib/microlib/init/entry.s            0x00000000   Number         0  entry9a.o ABSOLUTE
    ../clib/microlib/init/entry.s            0x00000000   Number         0  entry11a.o ABSOLUTE
    ../clib/microlib/init/entry.s            0x00000000   Number         0  entry9b.o ABSOLUTE
    ../clib/microlib/init/entry.s            0x00000000   Number         0  entry.o ABSOLUTE
    ../clib/microlib/init/entry.s            0x00000000   Number         0  entry10a.o ABSOLUTE
    ../clib/microlib/init/entry.s            0x00000000   Number         0  entry11b.o ABSOLUTE
    ../clib/microlib/init/entry.s            0x00000000   Number         0  entry10b.o ABSOLUTE
    ../clib/microlib/longlong.c              0x00000000   Number         0  llushr.o ABSOLUTE
    ../clib/microlib/longlong.c              0x00000000   Number         0  llshl.o ABSOLUTE
    ../clib/microlib/longlong.c              0x00000000   Number         0  llsshr.o ABSOLUTE
    ../clib/microlib/printf/printf.c         0x00000000   Number         0  printf0.o ABSOLUTE
    ../clib/microlib/printf/printf.c         0x00000000   Number         0  printf3.o ABSOLUTE
    ../clib/microlib/printf/printf.c         0x00000000   Number         0  printf4.o ABSOLUTE
    ../clib/microlib/printf/printf.c         0x00000000   Number         0  printf1.o ABSOLUTE
    ../clib/microlib/printf/printf.c         0x00000000   Number         0  printf2.o ABSOLUTE
    ../clib/microlib/printf/printf.c         0x00000000   Number         0  printf5.o ABSOLUTE
    ../clib/microlib/printf/printf.c         0x00000000   Number         0  printf6.o ABSOLUTE
    ../clib/microlib/printf/printf.c         0x00000000   Number         0  printf7.o ABSOLUTE
    ../clib/microlib/printf/printf.c         0x00000000   Number         0  printf8.o ABSOLUTE
    ../clib/microlib/printf/printf.c         0x00000000   Number         0  printfa.o ABSOLUTE
    ../clib/microlib/printf/printf.c         0x00000000   Number         0  printfb.o ABSOLUTE
    ../clib/microlib/printf/stubs.s          0x00000000   Number         0  stubs.o ABSOLUTE
    ../clib/microlib/string/memcpy.c         0x00000000   Number         0  memcpyb.o ABSOLUTE
    ../clib/microlib/string/memcpy.c         0x00000000   Number         0  memcpya.o ABSOLUTE
    ../clib/microlib/string/memset.c         0x00000000   Number         0  memseta.o ABSOLUTE
    ../clib/microlib/stubs.s                 0x00000000   Number         0  iusefp.o ABSOLUTE
    ../fplib/microlib/fpadd.c                0x00000000   Number         0  dadd.o ABSOLUTE
    ../fplib/microlib/fpdiv.c                0x00000000   Number         0  ddiv.o ABSOLUTE
    ../fplib/microlib/fpepilogue.c           0x00000000   Number         0  depilogue.o ABSOLUTE
    ../fplib/microlib/fpfix.c                0x00000000   Number         0  dfixul.o ABSOLUTE
    ../fplib/microlib/fpmul.c                0x00000000   Number         0  dmul.o ABSOLUTE
    ..\..\..\Library\Device\Nuvoton\NUC100Series\Source\ARM\startup_NUC100Series.s 0x00000000   Number         0  startup_nuc100series.o ABSOLUTE
    ..\..\..\Library\Device\Nuvoton\NUC100Series\Source\system_NUC100Series.c 0x00000000   Number         0  system_nuc100series.o ABSOLUTE
    ..\..\..\Library\StdDriver\src\clk.c     0x00000000   Number         0  clk.o ABSOLUTE
    ..\..\..\Library\StdDriver\src\retarget.c 0x00000000   Number         0  retarget.o ABSOLUTE
    ..\..\..\Library\StdDriver\src\sys.c     0x00000000   Number         0  sys.o ABSOLUTE
    ..\..\..\Library\StdDriver\src\uart.c    0x00000000   Number         0  uart.o ABSOLUTE
    ..\Source\croutine.c                     0x00000000   Number         0  croutine.o ABSOLUTE
    ..\Source\event_groups.c                 0x00000000   Number         0  event_groups.o ABSOLUTE
    ..\Source\list.c                         0x00000000   Number         0  list.o ABSOLUTE
    ..\Source\portable\MemMang\heap_2.c      0x00000000   Number         0  heap_2.o ABSOLUTE
    ..\Source\portable\RVDS\ARM_CM0\port.c   0x00000000   Number         0  port.o ABSOLUTE
    ..\Source\queue.c                        0x00000000   Number         0  queue.o ABSOLUTE
    ..\Source\tasks.c                        0x00000000   Number         0  tasks.o ABSOLUTE
    ..\Source\timers.c                       0x00000000   Number         0  timers.o ABSOLUTE
    ..\\..\\..\\Library\\Device\\Nuvoton\\NUC100Series\\Source\\system_NUC100Series.c 0x00000000   Number         0  system_nuc100series.o ABSOLUTE
    ..\\..\\..\\Library\\StdDriver\\src\\clk.c 0x00000000   Number         0  clk.o ABSOLUTE
    ..\\..\\..\\Library\\StdDriver\\src\\retarget.c 0x00000000   Number         0  retarget.o ABSOLUTE
    ..\\..\\..\\Library\\StdDriver\\src\\sys.c 0x00000000   Number         0  sys.o ABSOLUTE
    ..\\..\\..\\Library\\StdDriver\\src\\uart.c 0x00000000   Number         0  uart.o ABSOLUTE
    ..\\Source\\portable\\RVDS\\ARM_CM0\\port.c 0x00000000   Number         0  port.o ABSOLUTE
    ..\\main.c                               0x00000000   Number         0  main.o ABSOLUTE
    ..\main.c                                0x00000000   Number         0  main.o ABSOLUTE
    cdrcmple.s                               0x00000000   Number         0  cdrcmple.o ABSOLUTE
    handlers.s                               0x00000000   Number         0  handlers.o ABSOLUTE
    init.s                                   0x00000000   Number         0  init.o ABSOLUTE
    .ARM.Collect$$$$00000000                 0x000000c0   Section        0  entry.o(.ARM.Collect$$$$00000000)
    .ARM.Collect$$$$00000001                 0x000000c0   Section        4  entry2.o(.ARM.Collect$$$$00000001)
    .ARM.Collect$$$$00000004                 0x000000c4   Section        4  entry5.o(.ARM.Collect$$$$00000004)
    .ARM.Collect$$$$00000008                 0x000000c8   Section        0  entry7b.o(.ARM.Collect$$$$00000008)
    .ARM.Collect$$$$0000000A                 0x000000c8   Section        0  entry8b.o(.ARM.Collect$$$$0000000A)
    .ARM.Collect$$$$0000000B                 0x000000c8   Section        8  entry9a.o(.ARM.Collect$$$$0000000B)
    .ARM.Collect$$$$0000000D                 0x000000d0   Section        0  entry10a.o(.ARM.Collect$$$$0000000D)
    .ARM.Collect$$$$0000000F                 0x000000d0   Section        0  entry11a.o(.ARM.Collect$$$$0000000F)
    .ARM.Collect$$$$00002712                 0x000000d0   Section        4  entry2.o(.ARM.Collect$$$$00002712)
    __lit__00000000                          0x000000d0   Data           4  entry2.o(.ARM.Collect$$$$00002712)
    .emb_text                                0x000000d4   Section       28  retarget.o(.emb_text)
    .emb_text                                0x000000f0   Section      120  port.o(.emb_text)
    .text                                    0x00000168   Section       76  startup_nuc100series.o(.text)
    Default_Handler                          0x00000193   Thumb Code     2  startup_nuc100series.o(.text)
    .text                                    0x000001b4   Section        0  uidiv.o(.text)
    .text                                    0x000001e0   Section        0  memcpya.o(.text)
    .text                                    0x00000204   Section        0  memseta.o(.text)
    .text                                    0x00000228   Section        0  uldiv.o(.text)
    .text                                    0x00000288   Section       36  init.o(.text)
    .text                                    0x000002ac   Section        0  llshl.o(.text)
    .text                                    0x000002cc   Section        0  llushr.o(.text)
    i.CLK_EnableModuleClock                  0x000002f0   Section        0  clk.o(i.CLK_EnableModuleClock)
    i.CLK_EnablePLL                          0x00000320   Section        0  clk.o(i.CLK_EnablePLL)
    i.CLK_EnableXtalRC                       0x000004b8   Section        0  clk.o(i.CLK_EnableXtalRC)
    i.CLK_GetPLLClockFreq                    0x000004c8   Section        0  uart.o(i.CLK_GetPLLClockFreq)
    CLK_GetPLLClockFreq                      0x000004c9   Thumb Code    70  uart.o(i.CLK_GetPLLClockFreq)
    i.CLK_SetCoreClock                       0x00000520   Section        0  clk.o(i.CLK_SetCoreClock)
    i.CLK_SetHCLK                            0x00000598   Section        0  clk.o(i.CLK_SetHCLK)
    i.CLK_SetModuleClock                     0x000005e0   Section        0  clk.o(i.CLK_SetModuleClock)
    i.CLK_WaitClockReady                     0x000006ac   Section        0  clk.o(i.CLK_WaitClockReady)
    i.GPAB_IRQHandler                        0x000006d8   Section        0  main.o(i.GPAB_IRQHandler)
    i.Hard_Fault_Handler                     0x000006dc   Section        0  retarget.o(i.Hard_Fault_Handler)
    __tagsym$$used                           0x000006dd   Number         0  retarget.o(i.Hard_Fault_Handler)
    i.SVC_Handler                            0x00000704   Section        0  port.o(i.SVC_Handler)
    i.SYS_Init                               0x00000708   Section        0  main.o(i.SYS_Init)
    i.SYS_ResetModule                        0x00000790   Section        0  sys.o(i.SYS_ResetModule)
    i.SendChar_ToUART                        0x000007ac   Section        0  retarget.o(i.SendChar_ToUART)
    i.SysTick_Handler                        0x000007cc   Section        0  port.o(i.SysTick_Handler)
    i.SystemCoreClockUpdate                  0x000007f0   Section        0  system_nuc100series.o(i.SystemCoreClockUpdate)
    i.SystemInit                             0x00000880   Section        0  system_nuc100series.o(i.SystemInit)
    i.UART0_Init                             0x00000884   Section        0  main.o(i.UART0_Init)
    i.UART_Open                              0x000008a0   Section        0  uart.o(i.UART_Open)
    i.__0printf$5                            0x00000928   Section        0  printf5.o(i.__0printf$5)
    i.__ARM_common_switch8                   0x00000948   Section        0  tasks.o(i.__ARM_common_switch8)
    i.__scatterload_copy                     0x00000962   Section       14  handlers.o(i.__scatterload_copy)
    i.__scatterload_null                     0x00000970   Section        2  handlers.o(i.__scatterload_null)
    i.__scatterload_zeroinit                 0x00000972   Section       14  handlers.o(i.__scatterload_zeroinit)
    i._printf_core                           0x00000980   Section        0  printf5.o(i._printf_core)
    _printf_core                             0x00000981   Thumb Code   688  printf5.o(i._printf_core)
    i.fputc                                  0x00000c5c   Section        0  retarget.o(i.fputc)
    i.main                                   0x00000c68   Section        0  main.o(i.main)
    i.prvAddCurrentTaskToDelayedList         0x00000ca4   Section        0  tasks.o(i.prvAddCurrentTaskToDelayedList)
    prvAddCurrentTaskToDelayedList           0x00000ca5   Thumb Code    78  tasks.o(i.prvAddCurrentTaskToDelayedList)
    i.prvAddNewTaskToReadyList               0x00000cfc   Section        0  tasks.o(i.prvAddNewTaskToReadyList)
    prvAddNewTaskToReadyList                 0x00000cfd   Thumb Code   178  tasks.o(i.prvAddNewTaskToReadyList)
    i.prvCheckForValidListAndQueue           0x00000db8   Section        0  timers.o(i.prvCheckForValidListAndQueue)
    prvCheckForValidListAndQueue             0x00000db9   Thumb Code    64  timers.o(i.prvCheckForValidListAndQueue)
    i.prvCheckTasksWaitingTermination        0x00000e08   Section        0  tasks.o(i.prvCheckTasksWaitingTermination)
    prvCheckTasksWaitingTermination          0x00000e09   Thumb Code    78  tasks.o(i.prvCheckTasksWaitingTermination)
    i.prvCopyDataFromQueue                   0x00000e60   Section        0  queue.o(i.prvCopyDataFromQueue)
    prvCopyDataFromQueue                     0x00000e61   Thumb Code    38  queue.o(i.prvCopyDataFromQueue)
    i.prvCopyDataToQueue                     0x00000e86   Section        0  queue.o(i.prvCopyDataToQueue)
    prvCopyDataToQueue                       0x00000e87   Thumb Code   112  queue.o(i.prvCopyDataToQueue)
    i.prvDeleteTCB                           0x00000ef6   Section        0  tasks.o(i.prvDeleteTCB)
    prvDeleteTCB                             0x00000ef7   Thumb Code    18  tasks.o(i.prvDeleteTCB)
    i.prvIdleTask                            0x00000f08   Section        0  tasks.o(i.prvIdleTask)
    prvIdleTask                              0x00000f09   Thumb Code    18  tasks.o(i.prvIdleTask)
    i.prvInitialiseNewTask                   0x00000f20   Section        0  tasks.o(i.prvInitialiseNewTask)
    prvInitialiseNewTask                     0x00000f21   Thumb Code   132  tasks.o(i.prvInitialiseNewTask)
    i.prvInsertTimerInActiveList             0x00000fa4   Section        0  timers.o(i.prvInsertTimerInActiveList)
    prvInsertTimerInActiveList               0x00000fa5   Thumb Code    52  timers.o(i.prvInsertTimerInActiveList)
    i.prvIsQueueEmpty                        0x00000fdc   Section        0  queue.o(i.prvIsQueueEmpty)
    prvIsQueueEmpty                          0x00000fdd   Thumb Code    28  queue.o(i.prvIsQueueEmpty)
    i.prvProcessReceivedCommands             0x00000ff8   Section        0  timers.o(i.prvProcessReceivedCommands)
    prvProcessReceivedCommands               0x00000ff9   Thumb Code   164  timers.o(i.prvProcessReceivedCommands)
    i.prvProcessTimerOrBlockTask             0x000010a0   Section        0  timers.o(i.prvProcessTimerOrBlockTask)
    prvProcessTimerOrBlockTask               0x000010a1   Thumb Code   152  timers.o(i.prvProcessTimerOrBlockTask)
    i.prvResetNextTaskUnblockTime            0x0000113c   Section        0  tasks.o(i.prvResetNextTaskUnblockTime)
    prvResetNextTaskUnblockTime              0x0000113d   Thumb Code    28  tasks.o(i.prvResetNextTaskUnblockTime)
    i.prvSampleTimeNow                       0x0000115c   Section        0  timers.o(i.prvSampleTimeNow)
    prvSampleTimeNow                         0x0000115d   Thumb Code    36  timers.o(i.prvSampleTimeNow)
    i.prvSwitchTimerLists                    0x00001184   Section        0  timers.o(i.prvSwitchTimerLists)
    prvSwitchTimerLists                      0x00001185   Thumb Code    92  timers.o(i.prvSwitchTimerLists)
    i.prvTaskExitError                       0x000011e4   Section        0  port.o(i.prvTaskExitError)
    prvTaskExitError                         0x000011e5   Thumb Code    14  port.o(i.prvTaskExitError)
    i.prvTimerTask                           0x000011f8   Section        0  timers.o(i.prvTimerTask)
    prvTimerTask                             0x000011f9   Thumb Code    38  timers.o(i.prvTimerTask)
    i.prvUnlockQueue                         0x00001224   Section        0  queue.o(i.prvUnlockQueue)
    prvUnlockQueue                           0x00001225   Thumb Code   112  queue.o(i.prvUnlockQueue)
    i.pvPortMalloc                           0x00001294   Section        0  heap_2.o(i.pvPortMalloc)
    i.pvTaskIncrementMutexHeldCount          0x00001348   Section        0  tasks.o(i.pvTaskIncrementMutexHeldCount)
    i.pxPortInitialiseStack                  0x00001360   Section        0  port.o(i.pxPortInitialiseStack)
    i.stackDump                              0x00001380   Section        0  retarget.o(i.stackDump)
    stackDump                                0x00001381   Thumb Code    70  retarget.o(i.stackDump)
    i.uxListRemove                           0x00001428   Section        0  list.o(i.uxListRemove)
    i.vListInitialise                        0x0000144c   Section        0  list.o(i.vListInitialise)
    i.vListInitialiseItem                    0x00001462   Section        0  list.o(i.vListInitialiseItem)
    i.vListInsert                            0x00001468   Section        0  list.o(i.vListInsert)
    i.vListInsertEnd                         0x00001498   Section        0  list.o(i.vListInsertEnd)
    i.vPortEnterCritical                     0x000014b0   Section        0  port.o(i.vPortEnterCritical)
    i.vPortExitCritical                      0x000014c8   Section        0  port.o(i.vPortExitCritical)
    i.vPortFree                              0x000014e4   Section        0  heap_2.o(i.vPortFree)
    i.vPortYield                             0x0000151c   Section        0  port.o(i.vPortYield)
    i.vQueueAddToRegistry                    0x00001534   Section        0  queue.o(i.vQueueAddToRegistry)
    i.vQueueWaitForMessageRestricted         0x00001558   Section        0  queue.o(i.vQueueWaitForMessageRestricted)
    i.vTaskMissedYield                       0x0000159c   Section        0  tasks.o(i.vTaskMissedYield)
    i.vTaskPlaceOnEventList                  0x000015a8   Section        0  tasks.o(i.vTaskPlaceOnEventList)
    i.vTaskPlaceOnEventListRestricted        0x000015cc   Section        0  tasks.o(i.vTaskPlaceOnEventListRestricted)
    i.vTaskPriorityInherit                   0x000015fc   Section        0  tasks.o(i.vTaskPriorityInherit)
    i.vTaskSetTimeOutState                   0x00001660   Section        0  tasks.o(i.vTaskSetTimeOutState)
    i.vTaskStartScheduler                    0x00001678   Section        0  tasks.o(i.vTaskStartScheduler)
    i.vTaskSuspendAll                        0x000016cc   Section        0  tasks.o(i.vTaskSuspendAll)
    i.vTaskSwitchContext                     0x000016dc   Section        0  tasks.o(i.vTaskSwitchContext)
    i.xPortStartScheduler                    0x00001734   Section        0  port.o(i.xPortStartScheduler)
    i.xQueueGenericCreate                    0x00001774   Section        0  queue.o(i.xQueueGenericCreate)
    i.xQueueGenericReceive                   0x000017b8   Section        0  queue.o(i.xQueueGenericReceive)
    i.xQueueGenericReset                     0x000018f2   Section        0  queue.o(i.xQueueGenericReset)
    i.xQueueGenericSend                      0x00001960   Section        0  queue.o(i.xQueueGenericSend)
    i.xQueueGenericSendFromISR               0x00001a7e   Section        0  queue.o(i.xQueueGenericSendFromISR)
    i.xTaskCheckForTimeOut                   0x00001b0c   Section        0  tasks.o(i.xTaskCheckForTimeOut)
    i.xTaskCreate                            0x00001b60   Section        0  tasks.o(i.xTaskCreate)
    i.xTaskGetSchedulerState                 0x00001bb0   Section        0  tasks.o(i.xTaskGetSchedulerState)
    i.xTaskGetTickCount                      0x00001bd0   Section        0  tasks.o(i.xTaskGetTickCount)
    i.xTaskIncrementTick                     0x00001bdc   Section        0  tasks.o(i.xTaskIncrementTick)
    i.xTaskPriorityDisinherit                0x00001c98   Section        0  tasks.o(i.xTaskPriorityDisinherit)
    i.xTaskRemoveFromEventList               0x00001cfc   Section        0  tasks.o(i.xTaskRemoveFromEventList)
    i.xTaskResumeAll                         0x00001d60   Section        0  tasks.o(i.xTaskResumeAll)
    i.xTimerCreateTimerTask                  0x00001e0c   Section        0  timers.o(i.xTimerCreateTimerTask)
    i.xTimerGenericCommand                   0x00001e4c   Section        0  timers.o(i.xTimerGenericCommand)
    .constdata                               0x00001e9c   Section       48  uart.o(.constdata)
    .constdata                               0x00001ecc   Section       56  clk.o(.constdata)
    .data                                    0x20000000   Section       44  system_nuc100series.o(.data)
    .data                                    0x2000002c   Section        4  retarget.o(.data)
    .data                                    0x20000030   Section       60  tasks.o(.data)
    uxDeletedTasksWaitingCleanUp             0x20000034   Data           4  tasks.o(.data)
    uxCurrentNumberOfTasks                   0x20000038   Data           4  tasks.o(.data)
    xTickCount                               0x2000003c   Data           4  tasks.o(.data)
    uxTopReadyPriority                       0x20000040   Data           4  tasks.o(.data)
    xSchedulerRunning                        0x20000044   Data           4  tasks.o(.data)
    uxPendedTicks                            0x20000048   Data           4  tasks.o(.data)
    xYieldPending                            0x2000004c   Data           4  tasks.o(.data)
    xNumOfOverflows                          0x20000050   Data           4  tasks.o(.data)
    uxTaskNumber                             0x20000054   Data           4  tasks.o(.data)
    xNextTaskUnblockTime                     0x20000058   Data           4  tasks.o(.data)
    xIdleTaskHandle                          0x2000005c   Data           4  tasks.o(.data)
    uxSchedulerSuspended                     0x20000060   Data           4  tasks.o(.data)
    pxDelayedTaskList                        0x20000064   Data           4  tasks.o(.data)
    pxOverflowDelayedTaskList                0x20000068   Data           4  tasks.o(.data)
    .data                                    0x2000006c   Section       20  timers.o(.data)
    xTimerQueue                              0x2000006c   Data           4  timers.o(.data)
    xTimerTaskHandle                         0x20000070   Data           4  timers.o(.data)
    xLastTime                                0x20000074   Data           4  timers.o(.data)
    pxCurrentTimerList                       0x20000078   Data           4  timers.o(.data)
    pxOverflowTimerList                      0x2000007c   Data           4  timers.o(.data)
    .data                                    0x20000080   Section        4  port.o(.data)
    uxCriticalNesting                        0x20000080   Data           4  port.o(.data)
    .data                                    0x20000084   Section       24  heap_2.o(.data)
    xFreeBytesRemaining                      0x20000084   Data           4  heap_2.o(.data)
    xHeapHasBeenInitialised                  0x20000088   Data           4  heap_2.o(.data)
    xStart                                   0x2000008c   Data           8  heap_2.o(.data)
    xEnd                                     0x20000094   Data           8  heap_2.o(.data)
    .bss                                     0x2000009c   Section       64  queue.o(.bss)
    .bss                                     0x200000dc   Section      220  tasks.o(.bss)
    pxReadyTasksLists                        0x200000dc   Data         120  tasks.o(.bss)
    xDelayedTaskList1                        0x20000154   Data          20  tasks.o(.bss)
    xDelayedTaskList2                        0x20000168   Data          20  tasks.o(.bss)
    xPendingReadyList                        0x2000017c   Data          20  tasks.o(.bss)
    xTasksWaitingTermination                 0x20000190   Data          20  tasks.o(.bss)
    xSuspendedTaskList                       0x200001a4   Data          20  tasks.o(.bss)
    .bss                                     0x200001b8   Section       40  timers.o(.bss)
    xActiveTimerList1                        0x200001b8   Data          20  timers.o(.bss)
    xActiveTimerList2                        0x200001cc   Data          20  timers.o(.bss)
    .bss                                     0x200001e0   Section    13312  heap_2.o(.bss)
    ucHeap                                   0x200001e0   Data       13312  heap_2.o(.bss)
    STACK                                    0x200035e0   Section     1024  startup_nuc100series.o(STACK)

    Global Symbols

    Symbol Name                              Value     Ov Type        Size  Object(Section)

    BuildAttributes$$THM_ISAv3M$S$PE$A:L22$X:L11$S22$IEEE1$IW$USESV6$~STKCKD$USESV7$~SHL$OSPACE$ROPI$EBA8$MICROLIB$REQ8$PRES8$EABIv2 0x00000000   Number         0  anon$$obj.o ABSOLUTE
    __ARM_use_no_argv                        0x00000000   Number         0  main.o ABSOLUTE
    __Vectors                                0x00000000   Data           4  startup_nuc100series.o(RESET)
    _printf_a                                0x00000000   Number         0  stubs.o ABSOLUTE
    _printf_c                                0x00000000   Number         0  stubs.o ABSOLUTE
    _printf_charcount                        0x00000000   Number         0  stubs.o ABSOLUTE
    _printf_d                                0x00000000   Number         0  stubs.o ABSOLUTE
    _printf_e                                0x00000000   Number         0  stubs.o ABSOLUTE
    _printf_f                                0x00000000   Number         0  stubs.o ABSOLUTE
    _printf_flags                            0x00000000   Number         0  stubs.o ABSOLUTE
    _printf_fp_dec                           0x00000000   Number         0  stubs.o ABSOLUTE
    _printf_fp_hex                           0x00000000   Number         0  stubs.o ABSOLUTE
    _printf_g                                0x00000000   Number         0  stubs.o ABSOLUTE
    _printf_i                                0x00000000   Number         0  stubs.o ABSOLUTE
    _printf_int_dec                          0x00000000   Number         0  stubs.o ABSOLUTE
    _printf_l                                0x00000000   Number         0  stubs.o ABSOLUTE
    _printf_lc                               0x00000000   Number         0  stubs.o ABSOLUTE
    _printf_ll                               0x00000000   Number         0  stubs.o ABSOLUTE
    _printf_lld                              0x00000000   Number         0  stubs.o ABSOLUTE
    _printf_lli                              0x00000000   Number         0  stubs.o ABSOLUTE
    _printf_llo                              0x00000000   Number         0  stubs.o ABSOLUTE
    _printf_llu                              0x00000000   Number         0  stubs.o ABSOLUTE
    _printf_llx                              0x00000000   Number         0  stubs.o ABSOLUTE
    _printf_longlong_dec                     0x00000000   Number         0  stubs.o ABSOLUTE
    _printf_longlong_hex                     0x00000000   Number         0  stubs.o ABSOLUTE
    _printf_longlong_oct                     0x00000000   Number         0  stubs.o ABSOLUTE
    _printf_ls                               0x00000000   Number         0  stubs.o ABSOLUTE
    _printf_mbtowc                           0x00000000   Number         0  stubs.o ABSOLUTE
    _printf_n                                0x00000000   Number         0  stubs.o ABSOLUTE
    _printf_o                                0x00000000   Number         0  stubs.o ABSOLUTE
    _printf_p                                0x00000000   Number         0  stubs.o ABSOLUTE
    _printf_percent                          0x00000000   Number         0  stubs.o ABSOLUTE
    _printf_pre_padding                      0x00000000   Number         0  stubs.o ABSOLUTE
    _printf_return_value                     0x00000000   Number         0  stubs.o ABSOLUTE
    _printf_s                                0x00000000   Number         0  stubs.o ABSOLUTE
    _printf_sizespec                         0x00000000   Number         0  stubs.o ABSOLUTE
    _printf_str                              0x00000000   Number         0  stubs.o ABSOLUTE
    _printf_truncate_signed                  0x00000000   Number         0  stubs.o ABSOLUTE
    _printf_truncate_unsigned                0x00000000   Number         0  stubs.o ABSOLUTE
    _printf_u                                0x00000000   Number         0  stubs.o ABSOLUTE
    _printf_wc                               0x00000000   Number         0  stubs.o ABSOLUTE
    _printf_wctomb                           0x00000000   Number         0  stubs.o ABSOLUTE
    _printf_widthprec                        0x00000000   Number         0  stubs.o ABSOLUTE
    _printf_x                                0x00000000   Number         0  stubs.o ABSOLUTE
    __cpp_initialize__aeabi_                  - Undefined Weak Reference
    __cxa_finalize                            - Undefined Weak Reference
    __decompress                              - Undefined Weak Reference
    _clock_init                               - Undefined Weak Reference
    _microlib_exit                            - Undefined Weak Reference
    __main                                   0x000000c1   Thumb Code     0  entry.o(.ARM.Collect$$$$00000000)
    _main_stk                                0x000000c1   Thumb Code     0  entry2.o(.ARM.Collect$$$$00000001)
    _main_scatterload                        0x000000c5   Thumb Code     0  entry5.o(.ARM.Collect$$$$00000004)
    __main_after_scatterload                 0x000000c9   Thumb Code     0  entry5.o(.ARM.Collect$$$$00000004)
    _main_clock                              0x000000c9   Thumb Code     0  entry7b.o(.ARM.Collect$$$$00000008)
    _main_cpp_init                           0x000000c9   Thumb Code     0  entry8b.o(.ARM.Collect$$$$0000000A)
    _main_init                               0x000000c9   Thumb Code     0  entry9a.o(.ARM.Collect$$$$0000000B)
    __rt_final_cpp                           0x000000d1   Thumb Code     0  entry10a.o(.ARM.Collect$$$$0000000D)
    __rt_final_exit                          0x000000d1   Thumb Code     0  entry11a.o(.ARM.Collect$$$$0000000F)
    HardFault_Handler                        0x000000d5   Thumb Code    24  retarget.o(.emb_text)
    __asm___6_port_c_39a90d8d__prvPortStartFirstTask 0x000000f1   Thumb Code    36  port.o(.emb_text)
    ulSetInterruptMaskFromISR                0x00000119   Thumb Code     8  port.o(.emb_text)
    vClearInterruptMaskFromISR               0x00000121   Thumb Code     6  port.o(.emb_text)
    PendSV_Handler                           0x00000127   Thumb Code    62  port.o(.emb_text)
    Reset_Handler                            0x00000169   Thumb Code    32  startup_nuc100series.o(.text)
    NMI_Handler                              0x00000189   Thumb Code     2  startup_nuc100series.o(.text)
    ACMP_IRQHandler                          0x00000193   Thumb Code     0  startup_nuc100series.o(.text)
    ADC_IRQHandler                           0x00000193   Thumb Code     0  startup_nuc100series.o(.text)
    BOD_IRQHandler                           0x00000193   Thumb Code     0  startup_nuc100series.o(.text)
    CAN0_IRQHandler                          0x00000193   Thumb Code     0  startup_nuc100series.o(.text)
    CAN1_IRQHandler                          0x00000193   Thumb Code     0  startup_nuc100series.o(.text)
    EINT0_IRQHandler                         0x00000193   Thumb Code     0  startup_nuc100series.o(.text)
    EINT1_IRQHandler                         0x00000193   Thumb Code     0  startup_nuc100series.o(.text)
    GPCDEF_IRQHandler                        0x00000193   Thumb Code     0  startup_nuc100series.o(.text)
    I2C0_IRQHandler                          0x00000193   Thumb Code     0  startup_nuc100series.o(.text)
    I2C1_IRQHandler                          0x00000193   Thumb Code     0  startup_nuc100series.o(.text)
    I2S_IRQHandler                           0x00000193   Thumb Code     0  startup_nuc100series.o(.text)
    PDMA_IRQHandler                          0x00000193   Thumb Code     0  startup_nuc100series.o(.text)
    PS2_IRQHandler                           0x00000193   Thumb Code     0  startup_nuc100series.o(.text)
    PWMA_IRQHandler                          0x00000193   Thumb Code     0  startup_nuc100series.o(.text)
    PWMB_IRQHandler                          0x00000193   Thumb Code     0  startup_nuc100series.o(.text)
    PWRWU_IRQHandler                         0x00000193   Thumb Code     0  startup_nuc100series.o(.text)
    RTC_IRQHandler                           0x00000193   Thumb Code     0  startup_nuc100series.o(.text)
    SC012_IRQHandler                         0x00000193   Thumb Code     0  startup_nuc100series.o(.text)
    SPI0_IRQHandler                          0x00000193   Thumb Code     0  startup_nuc100series.o(.text)
    SPI1_IRQHandler                          0x00000193   Thumb Code     0  startup_nuc100series.o(.text)
    SPI2_IRQHandler                          0x00000193   Thumb Code     0  startup_nuc100series.o(.text)
    SPI3_IRQHandler                          0x00000193   Thumb Code     0  startup_nuc100series.o(.text)
    TMR0_IRQHandler                          0x00000193   Thumb Code     0  startup_nuc100series.o(.text)
    TMR1_IRQHandler                          0x00000193   Thumb Code     0  startup_nuc100series.o(.text)
    TMR2_IRQHandler                          0x00000193   Thumb Code     0  startup_nuc100series.o(.text)
    TMR3_IRQHandler                          0x00000193   Thumb Code     0  startup_nuc100series.o(.text)
    UART02_IRQHandler                        0x00000193   Thumb Code     0  startup_nuc100series.o(.text)
    UART1_IRQHandler                         0x00000193   Thumb Code     0  startup_nuc100series.o(.text)
    USBD_IRQHandler                          0x00000193   Thumb Code     0  startup_nuc100series.o(.text)
    WDT_IRQHandler                           0x00000193   Thumb Code     0  startup_nuc100series.o(.text)
    __aeabi_uidiv                            0x000001b5   Thumb Code     0  uidiv.o(.text)
    __aeabi_uidivmod                         0x000001b5   Thumb Code    44  uidiv.o(.text)
    __aeabi_memcpy                           0x000001e1   Thumb Code    36  memcpya.o(.text)
    __aeabi_memcpy4                          0x000001e1   Thumb Code     0  memcpya.o(.text)
    __aeabi_memcpy8                          0x000001e1   Thumb Code     0  memcpya.o(.text)
    __aeabi_memset                           0x00000205   Thumb Code    14  memseta.o(.text)
    __aeabi_memset4                          0x00000205   Thumb Code     0  memseta.o(.text)
    __aeabi_memset8                          0x00000205   Thumb Code     0  memseta.o(.text)
    __aeabi_memclr                           0x00000213   Thumb Code     4  memseta.o(.text)
    __aeabi_memclr4                          0x00000213   Thumb Code     0  memseta.o(.text)
    __aeabi_memclr8                          0x00000213   Thumb Code     0  memseta.o(.text)
    _memset$wrapper                          0x00000217   Thumb Code    18  memseta.o(.text)
    __aeabi_uldivmod                         0x00000229   Thumb Code    96  uldiv.o(.text)
    __scatterload                            0x00000289   Thumb Code    28  init.o(.text)
    __scatterload_rt2                        0x00000289   Thumb Code     0  init.o(.text)
    __aeabi_llsl                             0x000002ad   Thumb Code    32  llshl.o(.text)
    _ll_shift_l                              0x000002ad   Thumb Code     0  llshl.o(.text)
    __aeabi_llsr                             0x000002cd   Thumb Code    34  llushr.o(.text)
    _ll_ushift_r                             0x000002cd   Thumb Code     0  llushr.o(.text)
    CLK_EnableModuleClock                    0x000002f1   Thumb Code    40  clk.o(i.CLK_EnableModuleClock)
    CLK_EnablePLL                            0x00000321   Thumb Code   348  clk.o(i.CLK_EnablePLL)
    CLK_EnableXtalRC                         0x000004b9   Thumb Code    10  clk.o(i.CLK_EnableXtalRC)
    CLK_SetCoreClock                         0x00000521   Thumb Code   112  clk.o(i.CLK_SetCoreClock)
    CLK_SetHCLK                              0x00000599   Thumb Code    66  clk.o(i.CLK_SetHCLK)
    CLK_SetModuleClock                       0x000005e1   Thumb Code   180  clk.o(i.CLK_SetModuleClock)
    CLK_WaitClockReady                       0x000006ad   Thumb Code    34  clk.o(i.CLK_WaitClockReady)
    GPAB_IRQHandler                          0x000006d9   Thumb Code     2  main.o(i.GPAB_IRQHandler)
    Hard_Fault_Handler                       0x000006dd   Thumb Code    16  retarget.o(i.Hard_Fault_Handler)
    SVC_Handler                              0x00000705   Thumb Code     2  port.o(i.SVC_Handler)
    SYS_Init                                 0x00000709   Thumb Code   114  main.o(i.SYS_Init)
    SYS_ResetModule                          0x00000791   Thumb Code    26  sys.o(i.SYS_ResetModule)
    SendChar_ToUART                          0x000007ad   Thumb Code    26  retarget.o(i.SendChar_ToUART)
    SysTick_Handler                          0x000007cd   Thumb Code    32  port.o(i.SysTick_Handler)
    SystemCoreClockUpdate                    0x000007f1   Thumb Code   118  system_nuc100series.o(i.SystemCoreClockUpdate)
    SystemInit                               0x00000881   Thumb Code     2  system_nuc100series.o(i.SystemInit)
    UART0_Init                               0x00000885   Thumb Code    20  main.o(i.UART0_Init)
    UART_Open                                0x000008a1   Thumb Code   120  uart.o(i.UART_Open)
    __0printf$5                              0x00000929   Thumb Code    24  printf5.o(i.__0printf$5)
    __1printf$5                              0x00000929   Thumb Code     0  printf5.o(i.__0printf$5)
    __2printf                                0x00000929   Thumb Code     0  printf5.o(i.__0printf$5)
    __ARM_common_switch8                     0x00000949   Thumb Code    26  tasks.o(i.__ARM_common_switch8)
    __scatterload_copy                       0x00000963   Thumb Code    14  handlers.o(i.__scatterload_copy)
    __scatterload_null                       0x00000971   Thumb Code     2  handlers.o(i.__scatterload_null)
    __scatterload_zeroinit                   0x00000973   Thumb Code    14  handlers.o(i.__scatterload_zeroinit)
    fputc                                    0x00000c5d   Thumb Code    12  retarget.o(i.fputc)
    main                                     0x00000c69   Thumb Code    46  main.o(i.main)
    pvPortMalloc                             0x00001295   Thumb Code   168  heap_2.o(i.pvPortMalloc)
    pvTaskIncrementMutexHeldCount            0x00001349   Thumb Code    20  tasks.o(i.pvTaskIncrementMutexHeldCount)
    pxPortInitialiseStack                    0x00001361   Thumb Code    28  port.o(i.pxPortInitialiseStack)
    uxListRemove                             0x00001429   Thumb Code    36  list.o(i.uxListRemove)
    vListInitialise                          0x0000144d   Thumb Code    22  list.o(i.vListInitialise)
    vListInitialiseItem                      0x00001463   Thumb Code     6  list.o(i.vListInitialiseItem)
    vListInsert                              0x00001469   Thumb Code    48  list.o(i.vListInsert)
    vListInsertEnd                           0x00001499   Thumb Code    24  list.o(i.vListInsertEnd)
    vPortEnterCritical                       0x000014b1   Thumb Code    20  port.o(i.vPortEnterCritical)
    vPortExitCritical                        0x000014c9   Thumb Code    22  port.o(i.vPortExitCritical)
    vPortFree                                0x000014e5   Thumb Code    52  heap_2.o(i.vPortFree)
    vPortYield                               0x0000151d   Thumb Code    18  port.o(i.vPortYield)
    vQueueAddToRegistry                      0x00001535   Thumb Code    32  queue.o(i.vQueueAddToRegistry)
    vQueueWaitForMessageRestricted           0x00001559   Thumb Code    68  queue.o(i.vQueueWaitForMessageRestricted)
    vTaskMissedYield                         0x0000159d   Thumb Code     8  tasks.o(i.vTaskMissedYield)
    vTaskPlaceOnEventList                    0x000015a9   Thumb Code    32  tasks.o(i.vTaskPlaceOnEventList)
    vTaskPlaceOnEventListRestricted          0x000015cd   Thumb Code    42  tasks.o(i.vTaskPlaceOnEventListRestricted)
    vTaskPriorityInherit                     0x000015fd   Thumb Code    92  tasks.o(i.vTaskPriorityInherit)
    vTaskSetTimeOutState                     0x00001661   Thumb Code    20  tasks.o(i.vTaskSetTimeOutState)
    vTaskStartScheduler                      0x00001679   Thumb Code    68  tasks.o(i.vTaskStartScheduler)
    vTaskSuspendAll                          0x000016cd   Thumb Code    10  tasks.o(i.vTaskSuspendAll)
    vTaskSwitchContext                       0x000016dd   Thumb Code    78  tasks.o(i.vTaskSwitchContext)
    xPortStartScheduler                      0x00001735   Thumb Code    46  port.o(i.xPortStartScheduler)
    xQueueGenericCreate                      0x00001775   Thumb Code    68  queue.o(i.xQueueGenericCreate)
    xQueueGenericReceive                     0x000017b9   Thumb Code   314  queue.o(i.xQueueGenericReceive)
    xQueueGenericReset                       0x000018f3   Thumb Code   110  queue.o(i.xQueueGenericReset)
    xQueueGenericSend                        0x00001961   Thumb Code   286  queue.o(i.xQueueGenericSend)
    xQueueGenericSendFromISR                 0x00001a7f   Thumb Code   140  queue.o(i.xQueueGenericSendFromISR)
    xTaskCheckForTimeOut                     0x00001b0d   Thumb Code    80  tasks.o(i.xTaskCheckForTimeOut)
    xTaskCreate                              0x00001b61   Thumb Code    78  tasks.o(i.xTaskCreate)
    xTaskGetSchedulerState                   0x00001bb1   Thumb Code    26  tasks.o(i.xTaskGetSchedulerState)
    xTaskGetTickCount                        0x00001bd1   Thumb Code     6  tasks.o(i.xTaskGetTickCount)
    xTaskIncrementTick                       0x00001bdd   Thumb Code   180  tasks.o(i.xTaskIncrementTick)
    xTaskPriorityDisinherit                  0x00001c99   Thumb Code    92  tasks.o(i.xTaskPriorityDisinherit)
    xTaskRemoveFromEventList                 0x00001cfd   Thumb Code    90  tasks.o(i.xTaskRemoveFromEventList)
    xTaskResumeAll                           0x00001d61   Thumb Code   162  tasks.o(i.xTaskResumeAll)
    xTimerCreateTimerTask                    0x00001e0d   Thumb Code    46  timers.o(i.xTimerCreateTimerTask)
    xTimerGenericCommand                     0x00001e4d   Thumb Code    76  timers.o(i.xTimerGenericCommand)
    Region$$Table$$Base                      0x00001f04   Number         0  anon$$obj.o(Region$$Table)
    Region$$Table$$Limit                     0x00001f24   Number         0  anon$$obj.o(Region$$Table)
    SystemCoreClock                          0x20000000   Data           4  system_nuc100series.o(.data)
    CyclesPerUs                              0x20000004   Data           4  system_nuc100series.o(.data)
    PllClock                                 0x20000008   Data           4  system_nuc100series.o(.data)
    gau32ClkSrcTbl                           0x2000000c   Data          32  system_nuc100series.o(.data)
    __stdout                                 0x2000002c   Data           4  retarget.o(.data)
    pxCurrentTCB                             0x20000030   Data           4  tasks.o(.data)
    xQueueRegistry                           0x2000009c   Data          64  queue.o(.bss)
    __initial_sp                             0x200039e0   Data           0  startup_nuc100series.o(STACK)



==============================================================================

Memory Map of the image

  Image Entry point : 0x00000169

  Load Region LR_1 (Base: 0x00000000, Size: 0x00001fc0, Max: 0xffffffff, ABSOLUTE)

    Execution Region ER_RO (Exec base: 0x00000000, Load base: 0x00000000, Size: 0x00001f24, Max: 0xffffffff, ABSOLUTE)

    Exec Addr    Load Addr    Size         Type   Attr      Idx    E Section Name        Object

    0x00000000   0x00000000   0x000000c0   Data   RO            3    RESET               startup_nuc100series.o
    0x000000c0   0x000000c0   0x00000000   Code   RO         1480  * .ARM.Collect$$$$00000000  mc_p.l(entry.o)
    0x000000c0   0x000000c0   0x00000004   Code   RO         1750    .ARM.Collect$$$$00000001  mc_p.l(entry2.o)
    0x000000c4   0x000000c4   0x00000004   Code   RO         1753    .ARM.Collect$$$$00000004  mc_p.l(entry5.o)
    0x000000c8   0x000000c8   0x00000000   Code   RO         1755    .ARM.Collect$$$$00000008  mc_p.l(entry7b.o)
    0x000000c8   0x000000c8   0x00000000   Code   RO         1757    .ARM.Collect$$$$0000000A  mc_p.l(entry8b.o)
    0x000000c8   0x000000c8   0x00000008   Code   RO         1758    .ARM.Collect$$$$0000000B  mc_p.l(entry9a.o)
    0x000000d0   0x000000d0   0x00000000   Code   RO         1760    .ARM.Collect$$$$0000000D  mc_p.l(entry10a.o)
    0x000000d0   0x000000d0   0x00000000   Code   RO         1762    .ARM.Collect$$$$0000000F  mc_p.l(entry11a.o)
    0x000000d0   0x000000d0   0x00000004   Code   RO         1751    .ARM.Collect$$$$00002712  mc_p.l(entry2.o)
    0x000000d4   0x000000d4   0x0000001c   Code   RO          227    .emb_text           retarget.o
    0x000000f0   0x000000f0   0x00000078   Code   RO         1382    .emb_text           port.o
    0x00000168   0x00000168   0x0000004c   Code   RO            4  * .text               startup_nuc100series.o
    0x000001b4   0x000001b4   0x0000002c   Code   RO         1481    .text               mc_p.l(uidiv.o)
    0x000001e0   0x000001e0   0x00000024   Code   RO         1483    .text               mc_p.l(memcpya.o)
    0x00000204   0x00000204   0x00000024   Code   RO         1485    .text               mc_p.l(memseta.o)
    0x00000228   0x00000228   0x00000060   Code   RO         1764    .text               mc_p.l(uldiv.o)
    0x00000288   0x00000288   0x00000024   Code   RO         1777    .text               mc_p.l(init.o)
    0x000002ac   0x000002ac   0x00000020   Code   RO         1779    .text               mc_p.l(llshl.o)
    0x000002cc   0x000002cc   0x00000022   Code   RO         1781    .text               mc_p.l(llushr.o)
    0x000002ee   0x000002ee   0x00000002   PAD
    0x000002f0   0x000002f0   0x00000030   Code   RO          505    i.CLK_EnableModuleClock  clk.o
    0x00000320   0x00000320   0x00000198   Code   RO          506    i.CLK_EnablePLL     clk.o
    0x000004b8   0x000004b8   0x00000010   Code   RO          507    i.CLK_EnableXtalRC  clk.o
    0x000004c8   0x000004c8   0x00000058   Code   RO          316    i.CLK_GetPLLClockFreq  uart.o
    0x00000520   0x00000520   0x00000078   Code   RO          515    i.CLK_SetCoreClock  clk.o
    0x00000598   0x00000598   0x00000048   Code   RO          516    i.CLK_SetHCLK       clk.o
    0x000005e0   0x000005e0   0x000000cc   Code   RO          517    i.CLK_SetModuleClock  clk.o
    0x000006ac   0x000006ac   0x0000002c   Code   RO          519    i.CLK_WaitClockReady  clk.o
    0x000006d8   0x000006d8   0x00000002   Code   RO          121    i.GPAB_IRQHandler   main.o
    0x000006da   0x000006da   0x00000002   PAD
    0x000006dc   0x000006dc   0x00000028   Code   RO          229    i.Hard_Fault_Handler  retarget.o
    0x00000704   0x00000704   0x00000002   Code   RO         1383    i.SVC_Handler       port.o
    0x00000706   0x00000706   0x00000002   PAD
    0x00000708   0x00000708   0x00000088   Code   RO          122    i.SYS_Init          main.o
    0x00000790   0x00000790   0x0000001a   Code   RO          435    i.SYS_ResetModule   sys.o
    0x000007aa   0x000007aa   0x00000002   PAD
    0x000007ac   0x000007ac   0x00000020   Code   RO          232    i.SendChar_ToUART   retarget.o
    0x000007cc   0x000007cc   0x00000024   Code   RO         1384    i.SysTick_Handler   port.o
    0x000007f0   0x000007f0   0x00000090   Code   RO           12    i.SystemCoreClockUpdate  system_nuc100series.o
    0x00000880   0x00000880   0x00000002   Code   RO           13    i.SystemInit        system_nuc100series.o
    0x00000882   0x00000882   0x00000002   PAD
    0x00000884   0x00000884   0x0000001c   Code   RO          123    i.UART0_Init        main.o
    0x000008a0   0x000008a0   0x00000088   Code   RO          323    i.UART_Open         uart.o
    0x00000928   0x00000928   0x00000020   Code   RO         1622    i.__0printf$5       mc_p.l(printf5.o)
    0x00000948   0x00000948   0x0000001a   Code   RO         1269    i.__ARM_common_switch8  tasks.o
    0x00000962   0x00000962   0x0000000e   Code   RO         1791    i.__scatterload_copy  mc_p.l(handlers.o)
    0x00000970   0x00000970   0x00000002   Code   RO         1792    i.__scatterload_null  mc_p.l(handlers.o)
    0x00000972   0x00000972   0x0000000e   Code   RO         1793    i.__scatterload_zeroinit  mc_p.l(handlers.o)
    0x00000980   0x00000980   0x000002dc   Code   RO         1629    i._printf_core      mc_p.l(printf5.o)
    0x00000c5c   0x00000c5c   0x0000000c   Code   RO          236    i.fputc             retarget.o
    0x00000c68   0x00000c68   0x0000003c   Code   RO          124    i.main              main.o
    0x00000ca4   0x00000ca4   0x00000058   Code   RO          951    i.prvAddCurrentTaskToDelayedList  tasks.o
    0x00000cfc   0x00000cfc   0x000000bc   Code   RO          952    i.prvAddNewTaskToReadyList  tasks.o
    0x00000db8   0x00000db8   0x00000050   Code   RO         1279    i.prvCheckForValidListAndQueue  timers.o
    0x00000e08   0x00000e08   0x00000058   Code   RO          953    i.prvCheckTasksWaitingTermination  tasks.o
    0x00000e60   0x00000e60   0x00000026   Code   RO          768    i.prvCopyDataFromQueue  queue.o
    0x00000e86   0x00000e86   0x00000070   Code   RO          769    i.prvCopyDataToQueue  queue.o
    0x00000ef6   0x00000ef6   0x00000012   Code   RO          954    i.prvDeleteTCB      tasks.o
    0x00000f08   0x00000f08   0x00000018   Code   RO          955    i.prvIdleTask       tasks.o
    0x00000f20   0x00000f20   0x00000084   Code   RO          956    i.prvInitialiseNewTask  tasks.o
    0x00000fa4   0x00000fa4   0x00000038   Code   RO         1280    i.prvInsertTimerInActiveList  timers.o
    0x00000fdc   0x00000fdc   0x0000001c   Code   RO          770    i.prvIsQueueEmpty   queue.o
    0x00000ff8   0x00000ff8   0x000000a8   Code   RO         1281    i.prvProcessReceivedCommands  timers.o
    0x000010a0   0x000010a0   0x0000009c   Code   RO         1282    i.prvProcessTimerOrBlockTask  timers.o
    0x0000113c   0x0000113c   0x00000020   Code   RO          958    i.prvResetNextTaskUnblockTime  tasks.o
    0x0000115c   0x0000115c   0x00000028   Code   RO         1283    i.prvSampleTimeNow  timers.o
    0x00001184   0x00001184   0x00000060   Code   RO         1284    i.prvSwitchTimerLists  timers.o
    0x000011e4   0x000011e4   0x00000014   Code   RO         1385    i.prvTaskExitError  port.o
    0x000011f8   0x000011f8   0x0000002c   Code   RO         1285    i.prvTimerTask      timers.o
    0x00001224   0x00001224   0x00000070   Code   RO          771    i.prvUnlockQueue    queue.o
    0x00001294   0x00001294   0x000000b4   Code   RO         1447    i.pvPortMalloc      heap_2.o
    0x00001348   0x00001348   0x00000018   Code   RO          960    i.pvTaskIncrementMutexHeldCount  tasks.o
    0x00001360   0x00001360   0x00000020   Code   RO         1386    i.pxPortInitialiseStack  port.o
    0x00001380   0x00001380   0x000000a8   Code   RO          238    i.stackDump         retarget.o
    0x00001428   0x00001428   0x00000024   Code   RO          731    i.uxListRemove      list.o
    0x0000144c   0x0000144c   0x00000016   Code   RO          732    i.vListInitialise   list.o
    0x00001462   0x00001462   0x00000006   Code   RO          733    i.vListInitialiseItem  list.o
    0x00001468   0x00001468   0x00000030   Code   RO          734    i.vListInsert       list.o
    0x00001498   0x00001498   0x00000018   Code   RO          735    i.vListInsertEnd    list.o
    0x000014b0   0x000014b0   0x00000018   Code   RO         1388    i.vPortEnterCritical  port.o
    0x000014c8   0x000014c8   0x0000001c   Code   RO         1389    i.vPortExitCritical  port.o
    0x000014e4   0x000014e4   0x00000038   Code   RO         1448    i.vPortFree         heap_2.o
    0x0000151c   0x0000151c   0x00000018   Code   RO         1390    i.vPortYield        port.o
    0x00001534   0x00001534   0x00000024   Code   RO          777    i.vQueueAddToRegistry  queue.o
    0x00001558   0x00001558   0x00000044   Code   RO          781    i.vQueueWaitForMessageRestricted  queue.o
    0x0000159c   0x0000159c   0x0000000c   Code   RO          973    i.vTaskMissedYield  tasks.o
    0x000015a8   0x000015a8   0x00000024   Code   RO          975    i.vTaskPlaceOnEventList  tasks.o
    0x000015cc   0x000015cc   0x00000030   Code   RO          976    i.vTaskPlaceOnEventListRestricted  tasks.o
    0x000015fc   0x000015fc   0x00000064   Code   RO          978    i.vTaskPriorityInherit  tasks.o
    0x00001660   0x00001660   0x00000018   Code   RO          982    i.vTaskSetTimeOutState  tasks.o
    0x00001678   0x00001678   0x00000054   Code   RO          983    i.vTaskStartScheduler  tasks.o
    0x000016cc   0x000016cc   0x00000010   Code   RO          985    i.vTaskSuspendAll   tasks.o
    0x000016dc   0x000016dc   0x00000058   Code   RO          986    i.vTaskSwitchContext  tasks.o
    0x00001734   0x00001734   0x00000040   Code   RO         1391    i.xPortStartScheduler  port.o
    0x00001774   0x00001774   0x00000044   Code   RO          784    i.xQueueGenericCreate  queue.o
    0x000017b8   0x000017b8   0x0000013a   Code   RO          785    i.xQueueGenericReceive  queue.o
    0x000018f2   0x000018f2   0x0000006e   Code   RO          786    i.xQueueGenericReset  queue.o
    0x00001960   0x00001960   0x0000011e   Code   RO          787    i.xQueueGenericSend  queue.o
    0x00001a7e   0x00001a7e   0x0000008c   Code   RO          788    i.xQueueGenericSendFromISR  queue.o
    0x00001b0a   0x00001b0a   0x00000002   PAD
    0x00001b0c   0x00001b0c   0x00000054   Code   RO          987    i.xTaskCheckForTimeOut  tasks.o
    0x00001b60   0x00001b60   0x0000004e   Code   RO          988    i.xTaskCreate       tasks.o
    0x00001bae   0x00001bae   0x00000002   PAD
    0x00001bb0   0x00001bb0   0x00000020   Code   RO          992    i.xTaskGetSchedulerState  tasks.o
    0x00001bd0   0x00001bd0   0x0000000c   Code   RO          993    i.xTaskGetTickCount  tasks.o
    0x00001bdc   0x00001bdc   0x000000bc   Code   RO          995    i.xTaskIncrementTick  tasks.o
    0x00001c98   0x00001c98   0x00000064   Code   RO          998    i.xTaskPriorityDisinherit  tasks.o
    0x00001cfc   0x00001cfc   0x00000064   Code   RO          999    i.xTaskRemoveFromEventList  tasks.o
    0x00001d60   0x00001d60   0x000000ac   Code   RO         1001    i.xTaskResumeAll    tasks.o
    0x00001e0c   0x00001e0c   0x00000040   Code   RO         1289    i.xTimerCreateTimerTask  timers.o
    0x00001e4c   0x00001e4c   0x00000050   Code   RO         1290    i.xTimerGenericCommand  timers.o
    0x00001e9c   0x00001e9c   0x00000030   Data   RO          331    .constdata          uart.o
    0x00001ecc   0x00001ecc   0x00000038   Data   RO          520    .constdata          clk.o
    0x00001f04   0x00001f04   0x00000020   Data   RO         1789    Region$$Table       anon$$obj.o


    Execution Region ER_RW (Exec base: 0x20000000, Load base: 0x00001f24, Size: 0x0000009c, Max: 0xffffffff, ABSOLUTE)

    Exec Addr    Load Addr    Size         Type   Attr      Idx    E Section Name        Object

    0x20000000   0x00001f24   0x0000002c   Data   RW           14    .data               system_nuc100series.o
    0x2000002c   0x00001f50   0x00000004   Data   RW          239    .data               retarget.o
    0x20000030   0x00001f54   0x0000003c   Data   RW         1004    .data               tasks.o
    0x2000006c   0x00001f90   0x00000014   Data   RW         1296    .data               timers.o
    0x20000080   0x00001fa4   0x00000004   Data   RW         1392    .data               port.o
    0x20000084   0x00001fa8   0x00000018   Data   RW         1452    .data               heap_2.o


    Execution Region ER_ZI (Exec base: 0x2000009c, Load base: 0x00001fc0, Size: 0x00003944, Max: 0xffffffff, ABSOLUTE)

    Exec Addr    Load Addr    Size         Type   Attr      Idx    E Section Name        Object

    0x2000009c        -       0x00000040   Zero   RW          796    .bss                queue.o
    0x200000dc        -       0x000000dc   Zero   RW         1003    .bss                tasks.o
    0x200001b8        -       0x00000028   Zero   RW         1295    .bss                timers.o
    0x200001e0        -       0x00003400   Zero   RW         1451    .bss                heap_2.o
    0x200035e0        -       0x00000400   Zero   RW            1    STACK               startup_nuc100series.o


==============================================================================

Image component sizes


      Code (inc. data)   RO Data    RW Data    ZI Data      Debug   Object Name

       912        122         56          0          0       6026   clk.o
         0          0          0          0          0       3856   event_groups.o
       236         16          0         24      13312       3143   heap_2.o
       136          0          0          0          0       2894   list.o
       226         44          0          0          0     140421   main.o
       350         58          0          4          0       5804   port.o
      1312          4          0          0         64      11693   queue.o
       280        132          0          4          0       4590   retarget.o
        76         32        192          0       1024        752   startup_nuc100series.o
        26          0          0          0          0        494   sys.o
       146         26          0         44          0      25891   system_nuc100series.o
      1794        154          0         60        220      19070   tasks.o
       784         76          0         20         40       7879   timers.o
       224         34         48          0          0       2024   uart.o

    ----------------------------------------------------------------------
      6514        698        328        156      14660     234537   Object Totals
         0          0         32          0          0          0   (incl. Generated)
        12          0          0          0          0          0   (incl. Padding)

    ----------------------------------------------------------------------

      Code (inc. data)   RO Data    RW Data    ZI Data      Debug   Library Member Name

         0          0          0          0          0          0   entry.o
         0          0          0          0          0          0   entry10a.o
         0          0          0          0          0          0   entry11a.o
         8          4          0          0          0          0   entry2.o
         4          0          0          0          0          0   entry5.o
         0          0          0          0          0          0   entry7b.o
         0          0          0          0          0          0   entry8b.o
         8          4          0          0          0          0   entry9a.o
        30          0          0          0          0          0   handlers.o
        36          8          0          0          0         68   init.o
        32          0          0          0          0         68   llshl.o
        34          0          0          0          0         68   llushr.o
        36          0          0          0          0         60   memcpya.o
        36          0          0          0          0        100   memseta.o
       764         52          0          0          0        168   printf5.o
        44          0          0          0          0         72   uidiv.o
        96          0          0          0          0         84   uldiv.o

    ----------------------------------------------------------------------
      1130         68          0          0          0        688   Library Totals
         2          0          0          0          0          0   (incl. Padding)

    ----------------------------------------------------------------------

      Code (inc. data)   RO Data    RW Data    ZI Data      Debug   Library Name

      1128         68          0          0          0        688   mc_p.l

    ----------------------------------------------------------------------
      1130         68          0          0          0        688   Library Totals

    ----------------------------------------------------------------------

==============================================================================


      Code (inc. data)   RO Data    RW Data    ZI Data      Debug   

      7644        766        328        156      14660     231665   Grand Totals
      7644        766        328        156      14660     231665   ELF Image Totals
      7644        766        328        156          0          0   ROM Totals

==============================================================================

    Total RO  Size (Code + RO Data)                 7972 (   7.79kB)
    Total RW  Size (RW Data + ZI Data)             14816 (  14.47kB)
    Total ROM Size (Code + RO Data + RW Data)       8128 (   7.94kB)

==============================================================================

