<html>
<body>
<pre>
<h1>µVision Build Log</h1>
<h2>Tool Versions:</h2>
IDE-Version: µVision V5.24.2.0
Copyright (C) 2017 ARM Ltd and ARM Germany GmbH. All rights reserved.
License Information: Frank Tang, ccu, LIC=----
 
Tool Versions:
Toolchain:       MDK-Lite  Version: 5.24.1
Toolchain Path:  D:\Keil_v5\ARM\ARMCC\Bin
C Compiler:      Armcc.exe V5.06 update 5 (build 528)
Assembler:       Armasm.exe V5.06 update 5 (build 528)
Linker/Locator:  ArmLink.exe V5.06 update 5 (build 528)
Library Manager: ArmAr.exe V5.06 update 5 (build 528)
Hex Converter:   FromElf.exe V5.06 update 5 (build 528)
CPU DLL:         SARMCM3.DLL V5.24.1
Dialog DLL:      DARMCM1.DLL V1.18.0.0
Target DLL:      Nu_Link.dll V2.02
Dialog DLL:      TARMCM1.DLL V1.13.0.0
 
<h2>Project:</h2>
C:\Users\Frank\general\Desktop\project\SampleCode\freeRTOS\Keil\freeRTOS.uvproj
Project File Date:  11/20/2017

<h2>Output:</h2>
*** Using Compiler 'V5.06 update 5 (build 528)', folder: 'D:\Keil_v5\ARM\ARMCC\Bin'
Rebuild target 'Template'
assembling startup_NUC100Series.s...
creating preprocessor file for system_NUC100Series.c...
creating preprocessor file for main.c...
creating preprocessor file for retarget.c...
compiling system_NUC100Series.c...
creating preprocessor file for uart.c...
compiling main.c...
..\main.c(157): warning:  #167-D: argument of type "signed char *" is incompatible with parameter of type "const char *const"
  		xTaskCreate(vTaskMsgPro1,(signed char *) "vTaskMsgPro1",512,
ULL,2,( 
TaskHandle * ) 
ULL );
..\main.c(158): warning:  #167-D: argument of type "signed char *" is incompatible with parameter of type "const char *const"
  		xTaskCreate(vTaskMsgPro2,(signed char *) "vTaskMsgPro2",512,
ULL,2,( 
TaskHandle * ) 
ULL );
..\main.c(29): warning:  #177-D: variable "xHandleTaskMsgPro1"  was declared but never referenced
  static TaskHandle_t xHandleTaskMsgPro1 = NULL;
..\main.c: 3 warnings, 0 errors
compiling retarget.c...
creating preprocessor file for sys.c...
compiling uart.c...
creating preprocessor file for clk.c...
creating preprocessor file for gpio.c...
compiling sys.c...
creating preprocessor file for croutine.c...
compiling clk.c...
compiling gpio.c...
compiling croutine.c...
creating preprocessor file for event_groups.c...
creating preprocessor file for list.c...
compiling event_groups.c...
creating preprocessor file for queue.c...
compiling list.c...
creating preprocessor file for tasks.c...
compiling queue.c...
creating preprocessor file for timers.c...
creating preprocessor file for port.c...
compiling tasks.c...
compiling timers.c...
creating preprocessor file for heap_2.c...
compiling port.c...
compiling heap_2.c...
linking...
Program Size: Code=7836 RO-data=328 RW-data=156 ZI-data=14660  
After Build - User command #1: fromelf --bin ".\obj\template.axf" --output ".\obj\template.bin"
After Build - User command #2: fromelf --text -c ".\obj\template.axf" --output ".\obj\template.txt"
".\obj\template.axf" - 0 Error(s), 3 Warning(s).
Build Time Elapsed:  00:00:04
</pre>
</body>
</html>
